   Compiling surrealdb-core v3.0.0
